2026-09-01T00:28:49.077+06:00  INFO 19452 --- [cityv1] [main] b.c.CityFixAllMethodsIntegrationTest     : Starting CityFixAllMethodsIntegrationTest using Java 25.0.3 with PID 19452 (started by User in C:\Users\User\Downloads\cityv6)
2026-09-01T00:28:49.078+06:00  INFO 19452 --- [cityv1] [main] b.c.CityFixAllMethodsIntegrationTest     : No active profile set, falling back to 1 default profile: "default"
2026-09-01T00:28:50.623+06:00  INFO 19452 --- [cityv1] [main] eAuthenticationProviderManagerConfigurer : Global AuthenticationManager configured with AuthenticationProvider bean with name customAuthenticationProvider
2026-09-01T00:28:51.220+06:00  INFO 19452 --- [cityv1] [main] b.c.CityFixAllMethodsIntegrationTest     : Started CityFixAllMethodsIntegrationTest in 2.399 seconds (process running for 3.632)
2026-09-01T00:28:51.234+06:00  INFO 19452 --- [cityv1] [main] bd.cityv1.admin.AdminSeeder              : Default SUPER_ADMIN created -> email: admin@cityfix.com | password: Admin@123
2026-09-01T00:28:51.858+06:00  INFO 19452 --- [cityv1] [main] bd.cityv1.admin.AdminSeeder              : Default SUPER_ADMIN created -> email: admin@cityfix.com | password: Admin@123
2026-09-01T00:29:24.008+06:00  INFO 5204 --- [cityv1] [main] b.c.CityFixAllMethodsIntegrationTest     : Starting CityFixAllMethodsIntegrationTest using Java 25.0.3 with PID 5204 (started by User in C:\Users\User\Downloads\cityv6)
2026-09-01T00:29:24.010+06:00  INFO 5204 --- [cityv1] [main] b.c.CityFixAllMethodsIntegrationTest     : No active profile set, falling back to 1 default profile: "default"
2026-09-01T00:29:25.584+06:00  INFO 5204 --- [cityv1] [main] eAuthenticationProviderManagerConfigurer : Global AuthenticationManager configured with AuthenticationProvider bean with name customAuthenticationProvider
2026-09-01T00:29:26.173+06:00  INFO 5204 --- [cityv1] [main] b.c.CityFixAllMethodsIntegrationTest     : Started CityFixAllMethodsIntegrationTest in 2.415 seconds (process running for 3.704)
2026-09-01T00:29:26.187+06:00  INFO 5204 --- [cityv1] [main] bd.cityv1.admin.AdminSeeder              : Default SUPER_ADMIN created -> email: admin@cityfix.com | password: Admin@123
2026-09-01T00:29:26.795+06:00  INFO 5204 --- [cityv1] [main] bd.cityv1.admin.AdminSeeder              : Default SUPER_ADMIN created -> email: admin@cityfix.com | password: Admin@123
2026-09-01T00:30:02.295+06:00  INFO 1456 --- [cityv1] [main] b.c.CityFixAllMethodsIntegrationTest     : Starting CityFixAllMethodsIntegrationTest using Java 25.0.3 with PID 1456 (started by User in C:\Users\User\Downloads\cityv6)
2026-09-01T00:30:02.296+06:00  INFO 1456 --- [cityv1] [main] b.c.CityFixAllMethodsIntegrationTest     : No active profile set, falling back to 1 default profile: "default"
2026-09-01T00:30:03.901+06:00  INFO 1456 --- [cityv1] [main] eAuthenticationProviderManagerConfigurer : Global AuthenticationManager configured with AuthenticationProvider bean with name customAuthenticationProvider
2026-09-01T00:30:04.516+06:00  INFO 1456 --- [cityv1] [main] b.c.CityFixAllMethodsIntegrationTest     : Started CityFixAllMethodsIntegrationTest in 2.561 seconds (process running for 3.817)
2026-09-01T00:30:04.530+06:00  INFO 1456 --- [cityv1] [main] bd.cityv1.admin.AdminSeeder              : Default SUPER_ADMIN created -> email: admin@cityfix.com | password: Admin@123
2026-09-01T00:30:05.269+06:00  INFO 1456 --- [cityv1] [main] bd.cityv1.admin.AdminSeeder              : Default SUPER_ADMIN created -> email: admin@cityfix.com | password: Admin@123
2026-09-01T00:31:11.818+06:00  INFO 15240 --- [cityv1] [main] b.c.CityFixAllMethodsIntegrationTest     : Starting CityFixAllMethodsIntegrationTest using Java 25.0.3 with PID 15240 (started by User in C:\Users\User\Downloads\cityv6)
2026-09-01T00:31:11.820+06:00  INFO 15240 --- [cityv1] [main] b.c.CityFixAllMethodsIntegrationTest     : No active profile set, falling back to 1 default profile: "default"
2026-09-01T00:31:13.375+06:00  INFO 15240 --- [cityv1] [main] eAuthenticationProviderManagerConfigurer : Global AuthenticationManager configured with AuthenticationProvider bean with name customAuthenticationProvider
2026-09-01T00:31:13.971+06:00  INFO 15240 --- [cityv1] [main] b.c.CityFixAllMethodsIntegrationTest     : Started CityFixAllMethodsIntegrationTest in 2.398 seconds (process running for 4.02)
2026-09-01T00:31:13.985+06:00  INFO 15240 --- [cityv1] [main] bd.cityv1.admin.AdminSeeder              : Default SUPER_ADMIN created -> email: admin@cityfix.com | password: Admin@123
2026-09-01T00:31:14.654+06:00  INFO 15240 --- [cityv1] [main] bd.cityv1.admin.AdminSeeder              : Default SUPER_ADMIN created -> email: admin@cityfix.com | password: Admin@123
2026-09-01T00:32:16.541+06:00  INFO 9036 --- [cityv1] [restartedMain] bd.cityv1.Cityv1Application              : Starting Cityv1Application using Java 25.0.3 with PID 9036 (C:\Users\User\Downloads\cityv6\target\classes started by User in C:\Users\User\Downloads\cityv6)
2026-09-01T00:32:16.543+06:00  INFO 9036 --- [cityv1] [restartedMain] bd.cityv1.Cityv1Application              : No active profile set, falling back to 1 default profile: "default"
2026-09-01T00:32:16.575+06:00  INFO 9036 --- [cityv1] [restartedMain] .e.DevToolsPropertyDefaultsPostProcessor : Devtools property defaults active! Set 'spring.devtools.add-properties' to 'false' to disable
2026-09-01T00:32:16.575+06:00  INFO 9036 --- [cityv1] [restartedMain] .e.DevToolsPropertyDefaultsPostProcessor : For additional web related logging consider setting the 'logging.level.web' property to 'DEBUG'
2026-09-01T00:32:17.098+06:00  INFO 9036 --- [cityv1] [restartedMain] .s.d.r.c.RepositoryConfigurationDelegate : Bootstrapping Spring Data JPA repositories in DEFAULT mode.
2026-09-01T00:32:17.158+06:00  INFO 9036 --- [cityv1] [restartedMain] .s.d.r.c.RepositoryConfigurationDelegate : Finished Spring Data repository scanning in 51 ms. Found 3 JPA repository interfaces.
2026-09-01T00:32:17.570+06:00  INFO 9036 --- [cityv1] [restartedMain] o.s.boot.tomcat.TomcatWebServer          : Tomcat initialized with port 9090 (http)
2026-09-01T00:32:17.582+06:00  INFO 9036 --- [cityv1] [restartedMain] o.apache.catalina.core.StandardService   : Starting service [Tomcat]
2026-09-01T00:32:17.582+06:00  INFO 9036 --- [cityv1] [restartedMain] o.apache.catalina.core.StandardEngine    : Starting Servlet engine: [Apache Tomcat/11.0.22]
2026-09-01T00:32:17.616+06:00  INFO 9036 --- [cityv1] [restartedMain] b.w.c.s.WebApplicationContextInitializer : Root WebApplicationContext: initialization completed in 1040 ms
2026-09-01T00:32:17.759+06:00  INFO 9036 --- [cityv1] [restartedMain] org.hibernate.orm.jpa                    : HHH008540: Processing PersistenceUnitInfo [name: default]
2026-09-01T00:32:17.827+06:00  INFO 9036 --- [cityv1] [restartedMain] org.hibernate.orm.core                   : HHH000001: Hibernate ORM core version 7.4.1.Final
2026-09-01T00:32:18.187+06:00  INFO 9036 --- [cityv1] [restartedMain] o.s.o.j.p.SpringPersistenceUnitInfo      : No LoadTimeWeaver setup: ignoring JPA class transformer
2026-09-01T00:32:18.217+06:00  INFO 9036 --- [cityv1] [restartedMain] com.zaxxer.hikari.HikariDataSource       : HikariPool-1 - Starting...
2026-09-01T00:32:18.534+06:00  INFO 9036 --- [cityv1] [restartedMain] com.zaxxer.hikari.pool.HikariPool        : HikariPool-1 - Added connection com.mysql.cj.jdbc.ConnectionImpl@7749ad7f
2026-09-01T00:32:18.535+06:00  INFO 9036 --- [cityv1] [restartedMain] com.zaxxer.hikari.HikariDataSource       : HikariPool-1 - Start completed.
2026-09-01T00:32:18.620+06:00  INFO 9036 --- [cityv1] [restartedMain] org.hibernate.orm.connections.pooling    : HHH10001005: Database info:
	Database JDBC URL [jdbc:mysql://localhost:3306/cityv1]
	Database driver: MySQL Connector/J
	Database dialect: MySQLDialect
	Database version: 8.0.43
	Default catalog/schema: cityv1/undefined
	Autocommit mode: undefined/unknown
	Isolation level: REPEATABLE_READ [default REPEATABLE_READ]
	JDBC fetch size: none
	Pool: DataSourceConnectionProvider
	Minimum pool size: undefined/unknown
	Maximum pool size: undefined/unknown
2026-09-01T00:32:19.505+06:00  INFO 9036 --- [cityv1] [restartedMain] org.hibernate.orm.core                   : HHH000489: No JTA platform available (set 'hibernate.transaction.jta.platform' to enable JTA platform integration)
2026-09-01T00:32:19.593+06:00  INFO 9036 --- [cityv1] [restartedMain] j.LocalContainerEntityManagerFactoryBean : Initialized JPA EntityManagerFactory for persistence unit 'default'
2026-09-01T00:32:19.650+06:00  INFO 9036 --- [cityv1] [restartedMain] o.s.d.j.r.query.QueryEnhancerFactories   : Hibernate is in classpath; If applicable, HQL parser will be used.
2026-09-01T00:32:20.314+06:00  INFO 9036 --- [cityv1] [restartedMain] eAuthenticationProviderManagerConfigurer : Global AuthenticationManager configured with AuthenticationProvider bean with name customAuthenticationProvider
2026-09-01T00:32:20.328+06:00  WARN 9036 --- [cityv1] [restartedMain] JpaBaseConfiguration$JpaWebConfiguration : spring.jpa.open-in-view is enabled by default. Therefore, database queries may be performed during view rendering. Explicitly configure spring.jpa.open-in-view to disable this warning
2026-09-01T00:32:20.754+06:00  INFO 9036 --- [cityv1] [restartedMain] o.s.boot.tomcat.TomcatWebServer          : Tomcat started on port 9090 (http) with context path '/'
2026-09-01T00:32:20.758+06:00  INFO 9036 --- [cityv1] [restartedMain] bd.cityv1.Cityv1Application              : Started Cityv1Application in 4.563 seconds (process running for 5.157)
2026-09-01T00:32:25.628+06:00  INFO 9036 --- [cityv1] [http-nio-9090-exec-1] o.a.c.c.C.[Tomcat].[localhost].[/]       : Initializing Spring DispatcherServlet 'dispatcherServlet'
2026-09-01T00:32:25.628+06:00  INFO 9036 --- [cityv1] [http-nio-9090-exec-1] o.s.web.servlet.DispatcherServlet        : Initializing Servlet 'dispatcherServlet'
2026-09-01T00:32:25.629+06:00  INFO 9036 --- [cityv1] [http-nio-9090-exec-1] o.s.web.servlet.DispatcherServlet        : Completed initialization in 1 ms
2026-09-01T00:34:21.298+06:00  INFO 9036 --- [cityv1] [SpringApplicationShutdownHook] o.s.boot.tomcat.GracefulShutdown         : Commencing graceful shutdown. Waiting for active requests to complete
2026-09-01T00:34:21.304+06:00  INFO 9036 --- [cityv1] [tomcat-shutdown] o.s.boot.tomcat.GracefulShutdown         : Graceful shutdown complete
2026-09-01T00:34:21.308+06:00  INFO 9036 --- [cityv1] [SpringApplicationShutdownHook] j.LocalContainerEntityManagerFactoryBean : Closing JPA EntityManagerFactory for persistence unit 'default'
2026-09-01T00:34:21.312+06:00  INFO 9036 --- [cityv1] [SpringApplicationShutdownHook] com.zaxxer.hikari.HikariDataSource       : HikariPool-1 - Shutdown initiated...
2026-09-01T00:34:21.315+06:00  INFO 9036 --- [cityv1] [SpringApplicationShutdownHook] com.zaxxer.hikari.HikariDataSource       : HikariPool-1 - Shutdown completed.
